Flow report for ece385_finalprj
Mon Nov 11 18:38:07 2019
Quartus Prime Version 18.1.0 Build 625 09/12/2018 SJ Lite Edition


---------------------
; Table of Contents ;
---------------------
  1. Legal Notice
  2. Flow Summary
  3. Flow Settings
  4. Flow Non-Default Global Settings
  5. Flow Elapsed Time
  6. Flow OS Summary
  7. Flow Log
  8. Flow Messages
  9. Flow Suppressed Messages



----------------
; Legal Notice ;
----------------
Copyright (C) 2018  Intel Corporation. All rights reserved.
Your use of Intel Corporation's design tools, logic functions 
and other software and tools, and its AMPP partner logic 
functions, and any output files from any of the foregoing 
(including device programming or simulation files), and any 
associated documentation or information are expressly subject 
to the terms and conditions of the Intel Program License 
Subscription Agreement, the Intel Quartus Prime License Agreement,
the Intel FPGA IP License Agreement, or other applicable license
agreement, including, without limitation, that your use is for
the sole purpose of programming logic devices manufactured by
Intel and sold by Intel or its authorized distributors.  Please
refer to the applicable agreement for further details.



+----------------------------------------------------------------------------------+
; Flow Summary                                                                     ;
+------------------------------------+---------------------------------------------+
; Flow Status                        ; Successful - Mon Nov 11 18:38:07 2019       ;
; Quartus Prime Version              ; 18.1.0 Build 625 09/12/2018 SJ Lite Edition ;
; Revision Name                      ; ece385_finalprj                             ;
; Top-level Entity Name              ; final_top                                   ;
; Family                             ; Cyclone IV E                                ;
; Device                             ; EP4CE115F29C7                               ;
; Timing Models                      ; Final                                       ;
; Total logic elements               ; 2,900                                       ;
;     Total combinational functions  ; 2,023                                       ;
;     Dedicated logic registers      ; 1,855                                       ;
; Total registers                    ; 1855                                        ;
; Total pins                         ; 171                                         ;
; Total virtual pins                 ; 0                                           ;
; Total memory bits                  ; 10,240                                      ;
; Embedded Multiplier 9-bit elements ; 0                                           ;
; Total PLLs                         ; 1                                           ;
+------------------------------------+---------------------------------------------+


+-----------------------------------------+
; Flow Settings                           ;
+-------------------+---------------------+
; Option            ; Setting             ;
+-------------------+---------------------+
; Start date & time ; 11/11/2019 18:37:00 ;
; Main task         ; Compilation         ;
; Revision Name     ; ece385_finalprj     ;
+-------------------+---------------------+


+----------------------------------------------------------------------------------------------------------------------------------------------------+
; Flow Non-Default Global Settings                                                                                                                   ;
+-------------------------------------+-------------------------------------------------------------+-----------------+-------------+----------------+
; Assignment Name                     ; Value                                                       ; Default Value   ; Entity Name ; Section Id     ;
+-------------------------------------+-------------------------------------------------------------+-----------------+-------------+----------------+
; COMPILER_SIGNATURE_ID               ; 220964532840647.157351901904944                             ; --              ; --          ; --             ;
; EDA_OUTPUT_DATA_FORMAT              ; Systemverilog Hdl                                           ; --              ; --          ; eda_simulation ;
; EDA_SIMULATION_TOOL                 ; ModelSim-Altera (SystemVerilog)                             ; <None>          ; --          ; --             ;
; EDA_TIME_SCALE                      ; 1 ps                                                        ; --              ; --          ; eda_simulation ;
; MAX_CORE_JUNCTION_TEMP              ; 85                                                          ; --              ; --          ; --             ;
; MIN_CORE_JUNCTION_TEMP              ; 0                                                           ; --              ; --          ; --             ;
; MISC_FILE                           ; final_soc/synthesis/../final_soc.cmp                        ; --              ; --          ; --             ;
; MISC_FILE                           ; final_soc/synthesis/../../final_soc.qsys                    ; --              ; --          ; --             ;
; NOMINAL_CORE_SUPPLY_VOLTAGE         ; 1.2V                                                        ; --              ; --          ; --             ;
; PARTITION_COLOR                     ; -- (Not supported for targeted family)                      ; --              ; final_top   ; Top            ;
; PARTITION_FITTER_PRESERVATION_LEVEL ; -- (Not supported for targeted family)                      ; --              ; final_top   ; Top            ;
; PARTITION_NETLIST_TYPE              ; -- (Not supported for targeted family)                      ; --              ; final_top   ; Top            ;
; POWER_BOARD_THERMAL_MODEL           ; None (CONSERVATIVE)                                         ; --              ; --          ; --             ;
; POWER_PRESET_COOLING_SOLUTION       ; 23 MM HEAT SINK WITH 200 LFPM AIRFLOW                       ; --              ; --          ; --             ;
; PROJECT_OUTPUT_DIRECTORY            ; output_files                                                ; --              ; --          ; --             ;
; SLD_FILE                            ; final_soc/synthesis/final_soc.debuginfo                     ; --              ; --          ; --             ;
; SLD_INFO                            ; QSYS_NAME final_soc HAS_SOPCINFO 1 GENERATION_ID 1573518993 ; --              ; final_soc   ; --             ;
; SOPCINFO_FILE                       ; final_soc/synthesis/../../final_soc.sopcinfo                ; --              ; --          ; --             ;
; SYNTHESIS_ONLY_QIP                  ; On                                                          ; --              ; --          ; --             ;
; TOP_LEVEL_ENTITY                    ; final_top                                                   ; ece385_finalprj ; --          ; --             ;
+-------------------------------------+-------------------------------------------------------------+-----------------+-------------+----------------+


+--------------------------------------------------------------------------------------------------------------------------+
; Flow Elapsed Time                                                                                                        ;
+----------------------+--------------+-------------------------+---------------------+------------------------------------+
; Module Name          ; Elapsed Time ; Average Processors Used ; Peak Virtual Memory ; Total CPU Time (on all processors) ;
+----------------------+--------------+-------------------------+---------------------+------------------------------------+
; Analysis & Synthesis ; 00:01:05     ; 1.0                     ; 4925 MB             ; 00:01:30                           ;
; Total                ; 00:01:05     ; --                      ; --                  ; 00:01:30                           ;
+----------------------+--------------+-------------------------+---------------------+------------------------------------+


+------------------------------------------------------------------------------------+
; Flow OS Summary                                                                    ;
+----------------------+------------------+------------+------------+----------------+
; Module Name          ; Machine Hostname ; OS Name    ; OS Version ; Processor type ;
+----------------------+------------------+------------+------------+----------------+
; Analysis & Synthesis ; JFZYQV2          ; Windows 10 ; 10.0       ; x86_64         ;
+----------------------+------------------+------------+------------+----------------+


------------
; Flow Log ;
------------
quartus_map --read_settings_files=on --write_settings_files=off ece385_finalprj -c ece385_finalprj



